
> cruise-guide@0.1.0 build
> prisma generate && npm run images:build && npm run pwa:icons && next build

Environment variables loaded from .env
Prisma schema loaded from prisma/schema.prisma

✔ Generated Prisma Client (v6.19.0) to ./node_modules/@prisma/client in 393ms

Start by importing your Prisma Client (See: https://pris.ly/d/importing-client)

Tip: Interested in query caching in just a few lines of code? Try Accelerate today! https://pris.ly/tip-3-accelerate


> cruise-guide@0.1.0 images:build
> node scripts/gen-image-manifest.mjs

✅ image_manifest.json generated (1486 images) -> data/image_manifest.json

> cruise-guide@0.1.0 pwa:icons
> node scripts/generate-pwa-icons.mjs

📱 PWA 아이콘 생성 시작...

🎨 크루즈가이드 지니 아이콘 생성 중...
✅ 크루즈가이드 지니 192x192 생성 완료: /home/userhyeseon28/projects/cruise-guide/public/icons/genie-icon-192.png (192x192, 배경: #FFB6C1)
✅ 크루즈가이드 지니 512x512 생성 완료: /home/userhyeseon28/projects/cruise-guide/public/icons/genie-icon-512.png (512x512, 배경: #FFB6C1)

🛒 크루즈몰 아이콘 생성 중...
✅ 크루즈몰 192x192 생성 완료: /home/userhyeseon28/projects/cruise-guide/public/icons/mall-icon-192.png (192x192, 배경: #FFFFFF)
✅ 크루즈몰 512x512 생성 완료: /home/userhyeseon28/projects/cruise-guide/public/icons/mall-icon-512.png (512x512, 배경: #FFFFFF)

✨ 모든 아이콘 생성 완료!

생성된 파일:
  - /public/icons/genie-icon-192.png (크루즈가이드 지니, 핑크 배경)
  - /public/icons/genie-icon-512.png (크루즈가이드 지니, 핑크 배경)
  - /public/icons/mall-icon-192.png (크루즈몰, 흰색 배경)
  - /public/icons/mall-icon-512.png (크루즈몰, 흰색 배경)
  ▲ Next.js 14.2.33
  - Environments: .env.local, .env
  - Experiments (use with caution):
    · missingSuspenseWithCSRBailout

   Creating an optimized production build ...
 ⚠ Compiled with warnings

./components/assign-trip/AssignTripForm.tsx
Attempted import error: 'isValidMobilePhone' is not exported from '@/lib/phone-utils' (imported as 'isValidMobilePhone').

Import trace for requested module:
./components/assign-trip/AssignTripForm.tsx
./app/partner/[partnerId]/assign-trip/page.tsx

./components/assign-trip/AssignTripForm.tsx
Attempted import error: 'isValidMobilePhone' is not exported from '@/lib/phone-utils' (imported as 'isValidMobilePhone').

Import trace for requested module:
./components/assign-trip/AssignTripForm.tsx
./app/partner/[partnerId]/assign-trip/page.tsx

./app/api/partner/assign-trip/create-genie/route.ts
Attempted import error: 'isValidMobilePhone' is not exported from '@/lib/phone-utils' (imported as 'isValidMobilePhone').

Import trace for requested module:
./app/api/partner/assign-trip/create-genie/route.ts

   Skipping validation of types
   Skipping linting
   Collecting page data ...
   Generating static pages (0/154) ...
[getSessionUser] Error: n [Error]: Dynamic server usage: Route /api/partner/assign-trip/users couldn't be rendered statically because it used `cookies`. See more info here: https://nextjs.org/docs/messages/dynamic-server-error
    at l (/home/userhyeseon28/projects/cruise-guide/.next/server/chunks/38948.js:1:56331)
    at Object.c (/home/userhyeseon28/projects/cruise-guide/.next/server/app/api/partner/assign-trip/create-genie/route.js:1:11682)
    at n (/home/userhyeseon28/projects/cruise-guide/.next/server/app/api/partner/assign-trip/create-genie/route.js:1:8947)
    at o (/home/userhyeseon28/projects/cruise-guide/.next/server/app/api/partner/assign-trip/create-genie/route.js:1:2670)
    at c (/home/userhyeseon28/projects/cruise-guide/.next/server/app/api/partner/assign-trip/users/route.js:1:947)
    at /home/userhyeseon28/projects/cruise-guide/node_modules/next/dist/compiled/next-server/app-route.runtime.prod.js:6:38417
    at /home/userhyeseon28/projects/cruise-guide/node_modules/next/dist/server/lib/trace/tracer.js:140:36
    at NoopContextManager.with (/home/userhyeseon28/projects/cruise-guide/node_modules/@opentelemetry/api/build/src/context/NoopContextManager.js:25:19)
    at ContextAPI.with (/home/userhyeseon28/projects/cruise-guide/node_modules/@opentelemetry/api/build/src/api/context.js:60:46)
    at NoopTracer.startActiveSpan (/home/userhyeseon28/projects/cruise-guide/node_modules/@opentelemetry/api/build/src/trace/NoopTracer.js:65:31) {
  description: "Route /api/partner/assign-trip/users couldn't be rendered statically because it used `cookies`. See more info here: https://nextjs.org/docs/messages/dynamic-server-error",
  digest: 'DYNAMIC_SERVER_USAGE'
}
[Partner AssignTrip] user search error: n [PartnerApiError]: 로그인이 필요합니다.
    at o (/home/userhyeseon28/projects/cruise-guide/.next/server/app/api/partner/assign-trip/create-genie/route.js:1:2685)
    at async c (/home/userhyeseon28/projects/cruise-guide/.next/server/app/api/partner/assign-trip/users/route.js:1:933)
    at async /home/userhyeseon28/projects/cruise-guide/node_modules/next/dist/compiled/next-server/app-route.runtime.prod.js:6:38411
    at async e_.execute (/home/userhyeseon28/projects/cruise-guide/node_modules/next/dist/compiled/next-server/app-route.runtime.prod.js:6:27880)
    at async e_.handle (/home/userhyeseon28/projects/cruise-guide/node_modules/next/dist/compiled/next-server/app-route.runtime.prod.js:6:39943)
    at async exportAppRoute (/home/userhyeseon28/projects/cruise-guide/node_modules/next/dist/export/routes/app-route.js:77:26)
    at async exportPageImpl (/home/userhyeseon28/projects/cruise-guide/node_modules/next/dist/export/worker.js:175:20)
    at async Span.traceAsyncFn (/home/userhyeseon28/projects/cruise-guide/node_modules/next/dist/trace/trace.js:154:20)
    at async Object.exportPage (/home/userhyeseon28/projects/cruise-guide/node_modules/next/dist/export/worker.js:237:20) {
  status: 401
}
[getSessionUser] Error: n [Error]: Dynamic server usage: Route /api/partner/assign-trip/products/search couldn't be rendered statically because it used `cookies`. See more info here: https://nextjs.org/docs/messages/dynamic-server-error
    at l (/home/userhyeseon28/projects/cruise-guide/.next/server/chunks/38948.js:1:56331)
    at Object.c (/home/userhyeseon28/projects/cruise-guide/.next/server/app/api/partner/assign-trip/users/route.js:1:12151)
    at n (/home/userhyeseon28/projects/cruise-guide/.next/server/app/api/partner/assign-trip/users/route.js:1:9668)
    at o (/home/userhyeseon28/projects/cruise-guide/.next/server/app/api/partner/assign-trip/users/route.js:1:2451)
    at c (/home/userhyeseon28/projects/cruise-guide/.next/server/app/api/partner/assign-trip/products/search/route.js:1:921)
    at /home/userhyeseon28/projects/cruise-guide/node_modules/next/dist/compiled/next-server/app-route.runtime.prod.js:6:38417
    at /home/userhyeseon28/projects/cruise-guide/node_modules/next/dist/server/lib/trace/tracer.js:140:36
    at NoopContextManager.with (/home/userhyeseon28/projects/cruise-guide/node_modules/@opentelemetry/api/build/src/context/NoopContextManager.js:25:19)
    at ContextAPI.with (/home/userhyeseon28/projects/cruise-guide/node_modules/@opentelemetry/api/build/src/api/context.js:60:46)
    at NoopTracer.startActiveSpan (/home/userhyeseon28/projects/cruise-guide/node_modules/@opentelemetry/api/build/src/trace/NoopTracer.js:65:31) {
  description: "Route /api/partner/assign-trip/products/search couldn't be rendered statically because it used `cookies`. See more info here: https://nextjs.org/docs/messages/dynamic-server-error",
  digest: 'DYNAMIC_SERVER_USAGE'
}
[Partner AssignTrip] product search error: n [PartnerApiError]: 로그인이 필요합니다.
    at o (/home/userhyeseon28/projects/cruise-guide/.next/server/app/api/partner/assign-trip/users/route.js:1:2466)
    at async c (/home/userhyeseon28/projects/cruise-guide/.next/server/app/api/partner/assign-trip/products/search/route.js:1:907)
    at async /home/userhyeseon28/projects/cruise-guide/node_modules/next/dist/compiled/next-server/app-route.runtime.prod.js:6:38411
    at async e_.execute (/home/userhyeseon28/projects/cruise-guide/node_modules/next/dist/compiled/next-server/app-route.runtime.prod.js:6:27880)
    at async e_.handle (/home/userhyeseon28/projects/cruise-guide/node_modules/next/dist/compiled/next-server/app-route.runtime.prod.js:6:39943)
    at async exportAppRoute (/home/userhyeseon28/projects/cruise-guide/node_modules/next/dist/export/routes/app-route.js:77:26)
    at async exportPageImpl (/home/userhyeseon28/projects/cruise-guide/node_modules/next/dist/export/worker.js:175:20)
    at async Span.traceAsyncFn (/home/userhyeseon28/projects/cruise-guide/node_modules/next/dist/trace/trace.js:154:20)
    at async Object.exportPage (/home/userhyeseon28/projects/cruise-guide/node_modules/next/dist/export/worker.js:237:20) {
  status: 401
}
